> Task :app:preBuild UP-TO-DATE
> Task :app:preDebugBuild UP-TO-DATE
> Task :app:mergeDebugNativeDebugMetadata NO-SOURCE
> Task :app:checkKotlinGradlePluginConfigurationErrors SKIPPED
> Task :app:checkDebugAarMetadata UP-TO-DATE
> Task :app:processDebugNavigationResources UP-TO-DATE
> Task :app:compileDebugNavigationResources UP-TO-DATE
> Task :app:generateDebugResValues UP-TO-DATE
> Task :app:mapDebugSourceSetPaths UP-TO-DATE
> Task :app:generateDebugResources UP-TO-DATE
> Task :app:mergeDebugResources UP-TO-DATE
> Task :app:packageDebugResources UP-TO-DATE
> Task :app:parseDebugLocalResources UP-TO-DATE
> Task :app:createDebugCompatibleScreenManifests UP-TO-DATE
> Task :app:extractDeepLinksDebug UP-TO-DATE
> Task :app:processDebugMainManifest UP-TO-DATE
> Task :app:processDebugManifest UP-TO-DATE
> Task :app:processDebugManifestForPackage UP-TO-DATE
> Task :app:processDebugResources UP-TO-DATE
> Task :app:kspDebugKotlin UP-TO-DATE
> Task :app:javaPreCompileDebug UP-TO-DATE
> Task :app:mergeDebugShaders UP-TO-DATE
> Task :app:compileDebugShaders NO-SOURCE
> Task :app:generateDebugAssets UP-TO-DATE
> Task :app:mergeDebugAssets UP-TO-DATE
> Task :app:compressDebugAssets UP-TO-DATE
> Task :app:checkDebugDuplicateClasses UP-TO-DATE
> Task :app:desugarDebugFileDependencies UP-TO-DATE
> Task :app:mergeExtDexDebug UP-TO-DATE
> Task :app:mergeLibDexDebug UP-TO-DATE
> Task :app:mergeDebugJniLibFolders UP-TO-DATE
> Task :app:mergeDebugNativeLibs UP-TO-DATE
> Task :app:stripDebugDebugSymbols UP-TO-DATE
> Task :app:validateSigningDebug UP-TO-DATE
> Task :app:writeDebugAppMetadata UP-TO-DATE
> Task :app:writeDebugSigningConfigVersions UP-TO-DATE

> Task :app:compileDebugKotlin FAILED
./gradlew : e: file:
///C:/Users/pranz/St
udioProjects/Clases-
mobile/app/src/main/
java/com/example/app
movil/data/repositor
y/ProductRepository.
kt:131:42 Argument 
type mismatch: 
actual type is 
'kotlin.Long?', but 
'kotlin.Long' was 
expected.
En línea: 1 
Carácter: 1
+ ./gradlew 
assembleDebug > 
build_output.txt 
2>&1
+ ~~~~~~~~~~~~~~~~~~
~~~~~~~~~~~~~~~~~~~~
~~~~~~~~~
    + CategoryInfo  
            : 
NotSpecified    : 
(e: file:///C:/U.   
 ..' was 
expected.:S    
tring) [], RemoteEx 
   ception
    + 
FullyQualifiedErr   
 orId : 
NativeComman    
dError
 

FAILURE: Build 
failed with an 
exception.

* What went wrong:
Execution failed 
for task ':app:compi
leDebugKotlin'.
> A failure 
occurred while 
executing org.jetbra
ins.kotlin.compilerR
unner.GradleCompiler
RunnerWithWorkers$Gr
adleKotlinCompilerWo
rkAction
   > Compilation 
error. See log for 
more details

* Try:
> Run with 
--stacktrace option 
to get the stack 
trace.
> Run with --info 
or --debug option 
to get more log 
output.
> Run with --scan 
to get full 
insights.
> Get more help at h
ttps://help.gradle.o
rg.

BUILD FAILED in 3s
31 actionable tasks: 1 executed, 30 up-to-date
